[2026-03-19 09:01:01] 监控脚本启动
[2026-03-19 09:01:01] Job 目录: /root/harbor-bump-eval/jobs/bump-dep-fix-100-nopre
[2026-03-19 09:01:01] 进度: 19/100 完成, 17 成功, 运行中, 耗时 0min, 预计还需 0min
[2026-03-19 09:01:01] 进度: 19/100 完成, 17 成功, 运行中, 耗时 0min, 预计还需 0min
[09:04:01] === 监控启动 ===
[09:04:01] === 监控启动 ===
[09:04:01] 进度: 19/100 完成, 17 成功, harbor=运行中, +0min
[09:04:01] 进度: 19/100 完成, 17 成功, harbor=运行中, +0min
[09:07:01] 进度: 20/100 完成, 18 成功, harbor=运行中, +3min
[09:07:01] 进度: 20/100 完成, 18 成功, harbor=运行中, +3min
[09:11:01] 进度: 21/100 完成, 19 成功, harbor=运行中, +7min
[09:11:01] 进度: 21/100 完成, 19 成功, harbor=运行中, +7min
[09:13:01] 进度: 22/100 完成, 20 成功, harbor=运行中, +9min
[09:13:01] 进度: 22/100 完成, 20 成功, harbor=运行中, +9min
[09:24:01] 进度: 23/100 完成, 21 成功, harbor=运行中, +20min
[09:24:01] 进度: 23/100 完成, 21 成功, harbor=运行中, +20min
[09:25:01] 进度: 24/100 完成, 22 成功, harbor=运行中, +21min
[09:25:01] 进度: 24/100 完成, 22 成功, harbor=运行中, +21min
[09:26:01] 进度: 25/100 完成, 23 成功, harbor=运行中, +22min
[09:26:01] 进度: 25/100 完成, 23 成功, harbor=运行中, +22min
[09:27:02] 进度: 27/100 完成, 24 成功, harbor=运行中, +23min
[09:27:02] 进度: 27/100 完成, 24 成功, harbor=运行中, +23min
[09:29:02] 进度: 28/100 完成, 25 成功, harbor=运行中, +25min
[09:29:02] 进度: 28/100 完成, 25 成功, harbor=运行中, +25min
[09:33:02] 进度: 29/100 完成, 26 成功, harbor=运行中, +29min
[09:33:02] 进度: 29/100 完成, 26 成功, harbor=运行中, +29min
[09:40:02] 进度: 30/100 完成, 27 成功, harbor=运行中, +36min
[09:40:02] 进度: 30/100 完成, 27 成功, harbor=运行中, +36min
[09:43:02] 进度: 31/100 完成, 28 成功, harbor=运行中, +39min
[09:43:02] 进度: 31/100 完成, 28 成功, harbor=运行中, +39min
[09:49:02] 进度: 32/100 完成, 29 成功, harbor=运行中, +45min
[09:49:02] 进度: 32/100 完成, 29 成功, harbor=运行中, +45min
[09:51:02] 进度: 33/100 完成, 30 成功, harbor=运行中, +47min
[09:51:02] 进度: 33/100 完成, 30 成功, harbor=运行中, +47min
[09:52:02] 进度: 34/100 完成, 31 成功, harbor=运行中, +48min
[09:52:02] 进度: 34/100 完成, 31 成功, harbor=运行中, +48min
[09:53:02] 进度: 35/100 完成, 32 成功, harbor=运行中, +49min
[09:53:02] 进度: 35/100 完成, 32 成功, harbor=运行中, +49min
[09:56:02] 进度: 37/100 完成, 34 成功, harbor=运行中, +52min
[09:56:02] 进度: 37/100 完成, 34 成功, harbor=运行中, +52min
[09:57:02] 进度: 38/100 完成, 35 成功, harbor=运行中, +53min
[09:57:02] 进度: 38/100 完成, 35 成功, harbor=运行中, +53min
[09:59:02] 进度: 40/100 完成, 37 成功, harbor=运行中, +55min
[09:59:02] 进度: 40/100 完成, 37 成功, harbor=运行中, +55min
[10:04:02] 进度: 41/100 完成, 38 成功, harbor=运行中, +60min
[10:04:02] 进度: 41/100 完成, 38 成功, harbor=运行中, +60min
[10:22:02] 进度: 42/100 完成, 39 成功, harbor=运行中, +78min
[10:22:02] 进度: 42/100 完成, 39 成功, harbor=运行中, +78min
[10:25:02] 进度: 43/100 完成, 39 成功, harbor=运行中, +81min
[10:25:02] 进度: 43/100 完成, 39 成功, harbor=运行中, +81min
[10:29:02] 进度: 44/100 完成, 40 成功, harbor=运行中, +85min
[10:29:02] 进度: 44/100 完成, 40 成功, harbor=运行中, +85min
[10:30:02] 进度: 45/100 完成, 41 成功, harbor=运行中, +86min
[10:30:02] 进度: 45/100 完成, 41 成功, harbor=运行中, +86min
[10:36:02] 进度: 46/100 完成, 42 成功, harbor=运行中, +92min
[10:36:02] 进度: 46/100 完成, 42 成功, harbor=运行中, +92min
[10:53:02] 进度: 48/100 完成, 43 成功, harbor=运行中, +109min
[10:53:02] 进度: 48/100 完成, 43 成功, harbor=运行中, +109min
[10:59:03] 进度: 49/100 完成, 44 成功, harbor=运行中, +115min
[10:59:03] 进度: 49/100 完成, 44 成功, harbor=运行中, +115min
[11:03:03] 进度: 51/100 完成, 46 成功, harbor=运行中, +119min
[11:03:03] 进度: 51/100 完成, 46 成功, harbor=运行中, +119min
[11:12:03] 进度: 52/100 完成, 47 成功, harbor=运行中, +128min
[11:12:03] 进度: 52/100 完成, 47 成功, harbor=运行中, +128min
[11:23:03] 进度: 53/100 完成, 48 成功, harbor=运行中, +139min
[11:23:03] 进度: 53/100 完成, 48 成功, harbor=运行中, +139min
[11:26:03] 进度: 54/100 完成, 48 成功, harbor=运行中, +142min
[11:26:03] 进度: 54/100 完成, 48 成功, harbor=运行中, +142min
[11:33:03] 进度: 55/100 完成, 49 成功, harbor=运行中, +149min
[11:33:03] 进度: 55/100 完成, 49 成功, harbor=运行中, +149min
[11:37:04] 进度: 56/100 完成, 50 成功, harbor=运行中, +153min
[11:37:04] 进度: 56/100 完成, 50 成功, harbor=运行中, +153min
[11:40:04] 进度: 57/100 完成, 51 成功, harbor=运行中, +156min
[11:40:04] 进度: 57/100 完成, 51 成功, harbor=运行中, +156min
[11:46:04] 进度: 59/100 完成, 53 成功, harbor=运行中, +162min
[11:46:04] 进度: 59/100 完成, 53 成功, harbor=运行中, +162min
[11:50:04] 进度: 60/100 完成, 54 成功, harbor=运行中, +166min
[11:50:04] 进度: 60/100 完成, 54 成功, harbor=运行中, +166min
[11:51:04] 进度: 62/100 完成, 56 成功, harbor=运行中, +167min
[11:51:04] 进度: 62/100 完成, 56 成功, harbor=运行中, +167min
[11:56:04] 进度: 63/100 完成, 57 成功, harbor=运行中, +172min
[11:56:04] 进度: 63/100 完成, 57 成功, harbor=运行中, +172min
[11:57:04] 进度: 64/100 完成, 58 成功, harbor=运行中, +173min
[11:57:04] 进度: 64/100 完成, 58 成功, harbor=运行中, +173min
[12:10:05] 进度: 65/100 完成, 59 成功, harbor=运行中, +186min
[12:10:05] 进度: 65/100 完成, 59 成功, harbor=运行中, +186min
[12:13:05] 进度: 66/100 完成, 60 成功, harbor=运行中, +189min
[12:13:05] 进度: 66/100 完成, 60 成功, harbor=运行中, +189min
[12:14:05] 进度: 68/100 完成, 61 成功, harbor=运行中, +190min
[12:14:05] 进度: 68/100 完成, 61 成功, harbor=运行中, +190min
[12:17:05] 进度: 69/100 完成, 62 成功, harbor=运行中, +193min
[12:17:05] 进度: 69/100 完成, 62 成功, harbor=运行中, +193min
[12:30:05] 进度: 70/100 完成, 63 成功, harbor=运行中, +206min
[12:30:05] 进度: 70/100 完成, 63 成功, harbor=运行中, +206min
[12:32:05] 进度: 71/100 完成, 64 成功, harbor=运行中, +208min
[12:32:05] 进度: 71/100 完成, 64 成功, harbor=运行中, +208min
[12:36:05] 进度: 73/100 完成, 66 成功, harbor=运行中, +212min
[12:36:05] 进度: 73/100 完成, 66 成功, harbor=运行中, +212min
[12:39:05] 进度: 75/100 完成, 68 成功, harbor=运行中, +215min
[12:39:05] 进度: 75/100 完成, 68 成功, harbor=运行中, +215min
[12:42:05] 进度: 76/100 完成, 69 成功, harbor=运行中, +218min
[12:42:05] 进度: 76/100 完成, 69 成功, harbor=运行中, +218min
[12:45:05] 进度: 77/100 完成, 70 成功, harbor=运行中, +221min
[12:45:05] 进度: 77/100 完成, 70 成功, harbor=运行中, +221min
[12:53:05] 进度: 78/100 完成, 71 成功, harbor=运行中, +229min
[12:53:05] 进度: 78/100 完成, 71 成功, harbor=运行中, +229min
[12:54:05] 进度: 79/100 完成, 72 成功, harbor=运行中, +230min
[12:54:05] 进度: 79/100 完成, 72 成功, harbor=运行中, +230min
[13:01:05] 进度: 80/100 完成, 73 成功, harbor=运行中, +237min
[13:01:05] 进度: 80/100 完成, 73 成功, harbor=运行中, +237min
[13:02:06] 进度: 82/100 完成, 74 成功, harbor=运行中, +238min
[13:02:06] 进度: 82/100 完成, 74 成功, harbor=运行中, +238min
[13:07:06] 进度: 85/100 完成, 74 成功, harbor=运行中, +243min
[13:07:06] 进度: 85/100 完成, 74 成功, harbor=运行中, +243min
[13:12:06] 进度: 88/100 完成, 74 成功, harbor=运行中, +248min
[13:12:06] 进度: 88/100 完成, 74 成功, harbor=运行中, +248min
[13:17:06] 进度: 90/100 完成, 74 成功, harbor=运行中, +253min
[13:17:06] 进度: 90/100 完成, 74 成功, harbor=运行中, +253min
[13:18:06] 进度: 91/100 完成, 74 成功, harbor=运行中, +254min
[13:18:06] 进度: 91/100 完成, 74 成功, harbor=运行中, +254min
[13:24:06] 进度: 92/100 完成, 74 成功, harbor=运行中, +260min
[13:24:06] 进度: 92/100 完成, 74 成功, harbor=运行中, +260min
[13:25:07] 进度: 94/100 完成, 74 成功, harbor=运行中, +261min
[13:25:07] 进度: 94/100 完成, 74 成功, harbor=运行中, +261min
[13:30:07] 进度: 95/100 完成, 75 成功, harbor=运行中, +266min
[13:30:07] 进度: 95/100 完成, 75 成功, harbor=运行中, +266min
[13:32:07] 进度: 96/100 完成, 75 成功, harbor=运行中, +268min
[13:32:07] 进度: 96/100 完成, 75 成功, harbor=运行中, +268min
[13:33:07] 进度: 97/100 完成, 75 成功, harbor=运行中, +269min
[13:33:07] 进度: 97/100 完成, 75 成功, harbor=运行中, +269min
[13:36:07] 进度: 98/100 完成, 75 成功, harbor=运行中, +272min
[13:36:07] 进度: 98/100 完成, 75 成功, harbor=运行中, +272min
[13:37:07] 进度: 99/100 完成, 75 成功, harbor=运行中, +273min
[13:37:07] 进度: 99/100 完成, 75 成功, harbor=运行中, +273min
[13:39:07] 进度: 100/100 完成, 75 成功, harbor=已停止, +275min
[13:39:07] 进度: 100/100 完成, 75 成功, harbor=已停止, +275min
[13:39:07] Harbor 已停止，最终完成: 100 个任务
[13:39:07] Harbor 已停止，最终完成: 100 个任务
[13:39:22] === 生成最终报告 ===
[13:39:22] === 生成最终报告 ===
[13:39:22] 总任务: 100, 成功: 75 (75.0%), 失败: 25, 错误: 0
[13:39:22] 总任务: 100, 成功: 75 (75.0%), 失败: 25, 错误: 0
[13:39:22] 按类型:
[13:39:22] 按类型:
[13:39:22]   unknown: 75/100 (75.0%)
[13:39:22]   unknown: 75/100 (75.0%)
[13:39:22] 报告已保存: /root/harbor-bump-eval/report-100tasks.json
[13:39:22] 报告已保存: /root/harbor-bump-eval/report-100tasks.json
[13:39:22] === 上报 Langfuse ===
[13:39:22] === 上报 Langfuse ===
[13:39:22] 找到 30 个 trajectory 文件
[13:39:22] 找到 30 个 trajectory 文件
Traceback (most recent call last):
  File "/tmp/server_monitor2.py", line 134, in <module>
    r = subprocess.run([sys.executable, IMPORT_SCRIPT, tp, '--task-name', tn],
        ^^^^^^^^^^^^^^^^^^^^^^^^^^^^^^^^^^^^^^^^^^^^^^^^^^^^^^^^^^^^^^^^^^^^^^
  File "/usr/local/python3.12/lib/python3.12/subprocess.py", line 550, in run
    stdout, stderr = process.communicate(input, timeout=timeout)
                     ^^^^^^^^^^^^^^^^^^^^^^^^^^^^^^^^^^^^^^^^^^^
  File "/usr/local/python3.12/lib/python3.12/subprocess.py", line 1209, in communicate
    stdout, stderr = self._communicate(input, endtime, timeout)
                     ^^^^^^^^^^^^^^^^^^^^^^^^^^^^^^^^^^^^^^^^^^
  File "/usr/local/python3.12/lib/python3.12/subprocess.py", line 2114, in _communicate
    self._check_timeout(endtime, orig_timeout, stdout, stderr)
  File "/usr/local/python3.12/lib/python3.12/subprocess.py", line 1253, in _check_timeout
    raise TimeoutExpired(
subprocess.TimeoutExpired: Command '['/usr/bin/python3', '/root/harbor-bump-eval/import_trajectory_to_langfuse.py', '/root/harbor-bump-eval/jobs/bump-dep-fix-100-nopre/task-bump-redisgraph-jedis__75AVUv7/agent/trajectory.json', '--task-name', 'task-bump-redisgraph-jedis']' timed out after 30 seconds
